🚀 Starting the Ultimate Scraper... Destination: /Users/abdelati88/Downloads/tahdiri-10.0.0/competitor_database
📊 Found 1 unique subject IDs to scrape.

[*] Fetching Subject ID [528]... 
[DEBUG] RAW RESPONSE: 4ft2i0=oVhY2ZXYT92ZixpKfN2YinqYhSqKDYmYgdmEi9mipZDdIYftrZjYhi2Kiv2YitTYioDY2t2Z2NINrEiEmdIt0LjCqYInkEipu9mYptiEjt2YmgPY2YP32Y2E2YmKhCpZDZfCq9DYoYFz2ZigiZhigYInfN2KjKTmMtiDmKw6sCISOiI52YNtQzI0M6bxOtwpwCZCUyZjJDDdgt0sIneKIyfxiguK2ymYhd2YznmKiY29XYndsLhZ2Z2j2K2qQZigqTsYoYXKTYfYmYhK39iEp9sg0KfCDY2F2Z2Nptixp92YkgPY2LICipmdmY2KmEIY2YuYjtqYkYDEP92CiZmEj9hYpY2Z2Kigf3DN2to6fzICsZhZMz2tZKFimKbtwxiiwYgCT5QSODInMjNDwzICIyZmOCIpIZhsUdey06pgrn2KUYmKJNi92FinsN2Y2YfguKiimZbYiKiNmETY2Ys9DYkY2Yq5DZTY2YHq2ZiSmdI9TtuCgn2L2YiEPnINipmEj9pYpgPY0YiYqZD9kCmKDEiC2thYjZ2KhK23mY2Y2Ni6oYszTZfZ2KZn2tFDItggNCwmwtIifSODIyQyM6bzMiIsICOCUpw5JKhdeY0jsnIx2K2gZFbNmymZmnf92NiKrZuYiYIYDYUi2NHYmYIY2EpgmCtp2IQE2Yun2Yi9jdPYTYmL2KPtkg29pN29iEmEqt0YhYjZ2KiCDYDZigsZhYpCTYfSfZin2t23mtwigzZ6oYIKIiMDFKQm2tb6wxICNyOxwCOyI5JsUDMjIKInrC2pZzmKhNmZmKsdeY0YiiuF2YUg2Y2E2nmBp9fNDYPLI9TLbDmY2YOnuNqtpYIC0Y2LmEip2d2gi9pEPYmtjZqt2YkCDKPCi3DEhN29hYmYpZ2YfgjYoKItizmZgKsZfS2YITZK2tinYmNib6wtLDT4Ly2ikiQDFwIZxDNSM5lkIKI42iiqNTi7LZimhtoKkjfYfKf50gIS2msNiZTN2gDnk92YTYiYI9iY2niNgZiSIYqiTZmNmE2q2Em9pNpYiIDYfYOCrjo9mLiz1NLThKfZYW25OiMCJuNDIiMTg1MsUlO02i2iAHOzQSgsJjqNnWsiIYax2YPgLLt9EYiY2gmKr9kLspot2Y2NiZiImBXN2LigIx2niYiNiZiK/Y2K2nr5Pt2LiNm9kNpZhxTZ292ZigfY2KiYI0rKIK2DioiNiZiDTYptILiL0Y2CiNmp2tIIudhNHNiZiNiZPn2K2Dit/Zm5Ix2pmniNptfYiZTKhNrYiKiL2n2Z2iID2xoNi9Ii1lmWAKfZP0LDMDEjJuLCI3lDkzNTNiYSmjokfwIiL4nKkKIKmmx7M9IYrtiYfL2KIK2N2niLqNPx2YmDDZiN2Ztxi1IdsYiYrN2LjdiYmNgpmYiYqSpYDEnqsSjYgYT92Y2SinDN29IziNiS2ZtZgpqNjLqE2tfYLKAx2Yi9i9D9rYiSgYsYTY2YpYqzmY2niNnZ29iYpdDZrSuKpYrY2Y2EsvjSmYi9DziYiDItfSTZgYIqIi2tFnZm29b6wxwiNyO5N6UyI5JsQzIDMKwnjCIpZCinhtIyqZH9ej0nmqiN2LiKmZpKiYIZ/IIN252piKI9itrtmYixTY2Z2niLPZ2Y2NiDiNkg2KhGfNAKmYhd2ZfYsKDC2E2ttNLSpdmzqYsYDYrSjL2YiYT9m92xiniNrdiZnZgSq9pYDYrS2KiYfYj92EivuYm9iYDzpYsZ2SgYT6ZY2qinItFtbmIiISwiwCNyQ42DIDI50sNzOxMpwnZCJtUyiju6fZXY2Lej2xIYIY2FMxiyhNiNitmKqgfZT92Khg2YbLEL2g2S2NhFm5pYhZLYfg2K2K2KEIm50dsZk92Lf9TKPYigjL292YmNmK2K2EmKsYrYpYmIqt2LkgnKfKOiinhN292YmEmhsZbYfgP9ImEsLLcW2YUyA0IzNYpy5igTOsMiasMjOiq1s9ITLiQ4fFiWMtQSXYTYhY2ZiY2HJgpCk92KmLXN2t2imGmhpdpYhEPZ2KOYDpDKinidhNiZINfYTd2YmYrzudIN0SiLqLIt2n2C2uItipIDixiZiYTYHZPthLfNiZ202IiNmNmKINinitiKipTZ2ZpZi5/Y2KiNiDP9ILmjiYrNLWhxfZ2K2nMiYw2uLCI3oNI4kT1lMjY0oDfSEDlDImJikkIKN72iNjxYhN2ZmYnKLiD9mLiN2K2BjZhYsZ2zfYuKItmIiLgNEgTSTNmnILip2tivIZg9iZHY2Con2Y/Y2ziNI5iKiti9p9iLIN0tT02Y2niniNudTYiZiNhNHYPZiL2piZ2I2D2xINmKInfpitiKiZTY/YpKr5mZ2KInf9itiNmxijoNIWiN2ZPwhuMD202LLCE3Llk4Ui1ZYiNDojMjJDIifmLKlkmTNDI7qKfZfSIixnn92LkLmKEt2YiKmIr9hYpgiz2KtYsYPN2y2KmEr92Y2Y0dDSmNLYqYkg2Lf52grK2KhL2ZiYsNp9TKmKmY2YEg2gjKrIkY2E29sKm9mLqtPYfYmLsYnK2niK2EEg2YhNfZ29bWQyLYPYps2hIiOTmicIU9OCAi5zNmMsMigsMWQ1a0IjsKLHb9ITOBJxq9IYpiPS2Y2ZTnPd2YiqmNiN2ZhDiZiYgZr0fN2KiLm9ATiSogDZhSgK2YLx2KqzfYpttYpY29nYrSsLmE29jNiY2Yizg929DYiZDY2ZuYTnrS2KiErNmdiYivD92SpYpYq6sYIYfqjZ2Y2tTmF9inizgtNDYSIiIiZYlDITQzNib5wjgkMwLDL4k3ET2LImx7oSNZp9DYIi2KfEDygSmLmoH9iYPEiqPN2YtZingt2ZiZXL2CT0iY292YpnixIYutTn0NhLiZHNPtILipmd2NIZhNiN2ZItiIiY2KiDin2nmK2Kipfxitp9iNrZ/ZMKiYPZ2LI52Diu2NIjTlmYkCNDfZEWhDYjM0J4LiLioNImNT1iIwoDMtfjliiKI3Lk2diqm72SxmkgfLhZ2gfZkYhK2ZiN0NiSTYmKLK2YEg2Ksg2Ik52Ls9fKm9p9mKPY2YqYrYnK2K2EfLELiKmNjt2YhEmZsY2Yfn2hIi2YmiPIU9NCb559NmpgLDMzO0IywWIsJyQyOjUzk5MsI6iC0CwnZKmGidIYupeYINsZhofZ2K2NtnidiLmNTYTdI9kxit2Y2n29TtiY2LigPC0t2g2LmKPNmEpFrYpNiYIN3YPYIL2Fkt3I29hFm9mKjNiNfYmKpK2ZfZ2Kig23mKItsFmZothzfY2YIKZK2Zin2mFiMiItg6TSITLtI2Q1MDbwN2oiIjwDI4kmhDlCk7xDIYNYoLfSLi2kmY2KmGnZ2SqgDNq3fYQDTdrts9cdiLXL2Yng2K2Y2Yio2qqnAYiYPShYfLfg2t2Ziv2YX92ZhgmFuTpZgYfd2KQYL0IZiKi9oYrYfSgKDZit2t2z2IizhSrZAZiNhdzYmKTN2yfYinhN2piYinidtZiZDKhdMYrLOYTt2Eb9ih2Np6ItLZIiLiIn2s2SOWNwmYA55zNzQCIiwmw2UCIdOjUyeyMDs6fn0s2KZKJdixIompuYIYIZTdiYTYin2N2N3LmGiN2N2nighSrZ0YTdLYUYiYTK2F3Y2srNiZigmnD9qSmYsn2YDY2iXE29mKiLpEcKiYp9jYrdfYrg2YXC2j2zOZmYhNm9L01KpWYYoi2CYsMugsIiNlaHQjODAiJwIjOIMzrCYWQTbdtYs1LLM92YEgmlhi2ZJii9IND6iYkK2KbKmY2N2n2EhtoZ2YiLPN2gipf90YQgmF2YLYUN7Y2KIs3diSiNrZtgmSDYsYqY2n2gXEiYcKinT92YpLmKjd2Ymir92YXi2YD9OCiz1lp9hYpifZ2Y2urCJEMjmjMNoDIYNjI0YWOwAsYKMzgsOYQTLWYYsiTHMiL1irJN2i2Zh9qyadIZhnTd2YiK2tfdiSANipzShKhzfZrKLYrtDY2IINipmdiK2NiZfdiYhtTZtZ2Yhz2YrYiYiniZiyitDdM6ILLnTi2Emn292NpW5hLYbmNiIZOyNswyI0UiM5AjJjQzMDI6wnICIpsCOiUyXE39eKms0YZ9ppqnDY2Y2YsEXS2YmKi92y2KAosZqYgYTEh62KmnfNiZ2LIFmtidmYtN2YEKIYPnns2qLS29rNiYsg2YTnfYiY2K0N3diSigDZj9mdsYUYqY2YpEXLcY2YinX9i9pEmYrY2YfgDY2YOC2z29miINpKrZmK1lYW2uoicjJzNjYihTLDgssiM0MwOiACOiQSgsJju1MYfY2KaE29IHL9pnmYmWttPNiiiKiErZLZ2KhF2NfLmKDt2S2diziprdIZhYDZ2KLSItfziIANhpzZ2KiNfdTymYrKtd2YiNiY2d2ninhZhZiZDYIN2LrYMYTtNyinit2mp6ihLyOZNiLEUYNim5I9UTbW5DI6QCMsIzwiJCIyO3speykYrsbn0j2nwp0FidZNi9TYItIYi33t2Kin2F3K2Km9iNmNpKmYjY2YIZp3PYIC2Ekt2LmIiNh9mZrgmFft2KiZiF3Y2KoKft2NINg6hzIZsKfY222tTKFtinmgwDOiISIiIZZ2LDkmcTNTb1HjoDIwkkL4NYp7ISImxLMi/S2KmYiil9fdpmDYqy2YpEhZtZ2C2Cr9IgmYitf9iYmYgTrKXYuYjzQY20hg2F2doNg9LZitrK2ZfNiKm92ZhzfZpdhYrIDK2SiYzzfSIKAtiprdiYhNDZ2K2Zhnty2YiYiN2t2ninIZTdi6LNOiTL2YM92YmEihitbZpw5zImIsLiwWOCUyQ5NDNYAYM6IzI2NiwCZpUpmyJjpyeY0YqYrHIs2nInmtitiN3tTYjC2KIK2Fm92t2YpFrNp90Zhgf3PYkE2IiN3LmKiNiYmNItmFft2KhZ2YFt2K2gf6mKItoiTzwYsZIZA02jZKNiiibmL0M4QSgDLmk2lDInNTodMSijfkIwUD2Ykn27IYIzx926iYsN2LTiPKiN2gmEhtIKtYiYoZIK2pf90dLSmF7YQK2goY2niN2gi2iNudTYhYTNDYrYinpE2Z2Y29DniZiyi9/YLKpL2pOZmGhtiZIYm9siZSwtTi21FnbDN2M6ImLiIkM4lDIDk1AiiSIwN7oYIDLiTokj2KImxTPdiYmKmYf9uYoEpY2K2nfNIY2qI0Idi9s9pN0t2CnYTn2YmEtt29iYiYjZ2YhLXEcY2Kmgj9oNpKmKPT2LqgpY2Y2YOvfyiEptihmm5YLYfZ2iNSwWUsNCb9hDUjAwM6IyIippwzOCNyQ5Jj2Yey0sInIChNfZZp2KIxoK2tiYi5Q9iYfnmDjN2YtgiIst2YmZTK2YjniC2NInIphFsEIYmZ/9iKn6TLE92YmGmN2N2Zt9INhYsKfq2d2YiniZhgidLSoYPYTK2YiYin0g2Ni2DZuy2YinTYpY2LiErdiih9in/92KpYTYDnOZ2pLNmmItm6bZIYs9ISF2LDZG2tiSYwxiMiw3lDIKL12ik4ADN7IYiDo9MjokTYIm2qirNTqYpZnnhdfYTi0tICmEinIN2YtYj92Y2tXEjYcLmKi929pgiKhY2ZmgpY2L2KovfyiN29hYfTpYqYPZOs2iwWUtmEbw5DMjAiLhImOyqSwyICNyQEJj2nI5M6NzeYppIYZC2KUYsyrYmY0sD92NAEinIyppiLXYPZ2LmoL9mE2BhtfSiCq5hZhZ2YTv29XZmDptOYmYDtpd2YiLPYDLitiimN29InnYqYpE2q0LICpEcKm9t9jYX9iYhg2YjY2KfgmT2Y2ymNpihZqZPY2L2K2vUibWotLYimM95zfsIYIEO2OSNSpwNhAyejI6wzICNywCZnUpm5JDQtit0YTnfNIsiIIK2t2ZigiG2YonmKiK2ZjtmYuKgnfZsY0tIE2qinIdpYptnN2YTC2E2KmLm9iYX9iYtNjYjY2g2E2Ziv2KqycYoYhTmYf9fKpiPimE292gpZQw5tOYAsLLhmwCUSZWIhbiejMsMjIyNDIziCIpI5OnNyhysZU6XY0YwgjYjdcnizJ92L29mKhN2Y2YmKfZr92giKDYsYEy2qpK2KiS2NmiLZiYqNbtDZfKgK2YmFLNhtmZAyhnftfKiL252K2IIKfI2ZiNmNst1YIZi6Ti2Ckz29iYinMlmZEYrDbYJKAj2HMuoshNMiL0UjOTfWYKIzYiOwgsIjJYqirZMiL1aisK2Hm9Q9mWpZh92KbSDKLLI5AEqN2YhSfZbZ2YiFftmY2NiImnmKhNitTtIKsI2YfH2z2nmNiKr9fZiK1YbYk62DYCJNoiIjhlgDMWOTM02uNzAsOyMiLsMiQiUWPjI1Qis9LLToJ9ayiYoYtYD92SiHqNXYPY2YIj2Ek62Y2FQtmYsYi9fNmKog2Z0p2LIgitQK297YLFoNhKiKiniN2Shg3YtKqgin2Z2K2N2m2ZmNhtftfZiKidT9mIiYsY2ZbnINhp2oiiIEp9jYmY5WMTLYUiNSOzIsNyb5OhOmQj0Dw6kyICInwCJpZyi5UteZrshYIC2KIgi52K2Z2phNLniZiYfttgEK3Yon2KmF0g2NhYfthSfKHITN2KmnimqN2ZInipit2ZiZidp9jYiYsN2YbY2ihEOoIsO5b9Lhmm5YNTIyIiICwWUC2yQyNDUzk5M6InICuCwYOp2pbEJjmYex09fNiCpsDYZtiNqZoYhY2Krn3NmK2YmFfNmNhxmZqY2KmIrY2Y2ZIEr9fY2KpKDFiCinhNqZ3KfKhK2Kmo2t2iAtmEqY2YtnfKfYiLmKnd2YsKmFINI6iZTd2K2nrgkN2Liz3SiNLZfZoghK2F2tiKmN0N2thKhZfY2K2IinmZ2YINqpbEinidhojZIYiWT9LmiYsmIzOiUNmC29NiQ5phNYb25YMDZCIswCwwNdUyIjOYezAs0EI62EIpmCr9JYiyfKp9XYmED9Lq2tmnpirYqY2Y2YfS2qmYiKpdAYXZmKpNfYkg2EiK2ZTg29jKgzmYhNitbtiKImf6IZ2S2FZ4k32KbnFiOKMwwDLiI0htIkkTNDIiN1oTfSkjxLImLDlgIK272dmKhNsIiYmKfZTi2NpYjLEY252EiKk9mK29sYPNmYhKiZ2Z2gIgbt2KgYmFTK2CidizfN2tpnTYhYIZ2q0Y2ti9hZi9pKDtrZrYTnXn2CiYmN29iYmIpGqY2YpYDSqNYZm5fL2YPEoKAj2iLiQshjMlM01TOWUzYiICMiJugsIWQ1aSriOTOH292YLvJ9qjiYpYfY2YsYrqjK2Yi9udm9pYizDZsSiYgEDtqSrYTnXN2CiYmE292ZmIpGLY2YpYDNqgPZfKfL2Y2n0t2NiZmghShYiK3KoKmnmFjN2dhNqZft2ZIIio2K2YiYsmbYiniphEI9UNmWT9LZiYpD5hwi2YIiOyJpNSb5I6QmIjknwT0CNsOzkpNKZ52sUCeyhK2ZmCMNI9bZiKIy2KkgmYDK2o2FmNiYrr2Yf9sYbCsZiZhd2KrEpKit2KAotYhiIYTEqY2K2nfNnY2LmKmdmdsFmNh6EYIZfY2K2Yin29iN3YogfYLFtgPK2N0niqiShNftfKqK2n2Z2IIYjp2ZmNhthdiZiKioTZm9bYsmbYOniNLiI9IYmEih2zMYpw5zIi2sIywmNCUyAWJDUtQ506NnM22sIHOCppwyipqteY2jTYICIYinZNitmYISTY2YpN0qrCiIhn29iZTdqtrYDKXY2YitmY292YiEp9pZ2YmYDGhCrnmW1LfZPY2ipDQjouLCINqlgDIiO1YyJKMiA0MzNsQsQTtyaWsiIHMi2dDYO9INLGJjqYmKoY3YXGugiomNsZhYTy2Y2EXjf92KiYD9rTpYqY2YhtLZAY3C2KmZiLrK2Kkgin2923pKhtqtP9igsC2YDEmSIEki2YmojY29bWkDLYbYpsNhwyOyMiO5UpMyIj56Qm0C2KwziCM9Z5IoJYeyqsUTfy2YInrGitInmNmx2NIYsETdzYrYqiDYiKO9LEpYmti9pKhgjSPYDLmnAK2t2iioqC2ZbY5Ys92YkEbiOiIsmEp92hM5QjNTIYkyLDwmwCUyZWM5JyeYMsUzICIKIniG0pmyOoqtT9IYs6fY2G2oi9itinsNfSqYTC0Y2KInINjtmKizDYitbShZqZ2Y2xLnTz2YOmi1FtMTIDI6kiITliI4ZDNtNwk7xiIjwkoDLZiY2KimgNIS2zIvftAihYTEPY2LrnDtiZLKhnfCiNitm9rNiKqS2ZkE2Y2E2YmKp9joUhmYs9LYbgkiNiOYIs2Wp5JDMCb55TImIyM6wzOCMywymEr9Qj0sUnqynKIFmC2pZI2NhNeZIYfLLNfZmYhL2GIK2zmgip0NiSqNgKfKbN2gPqIL2N2YiGp9hZmZiYfN2YmK1uYj2IoihpUjMlIskiOWP0O5ADOiJjLCpYQzgWMiITaHMKs1mKM9LsqEPYqSLZJtr92SbtmKi92iAYrZhKhY2nDYkLpEbomC29mWj9MYig29LmO0sYIE2i2KQSIwMYb5phNDIz5sw6wCUiItijJyUyIDMYen0s2LZCOpi9izINiZHygYovTZ2YInpp/d2KiLi529iCiNipTNIYInrZhKIZ/pP925i9mtititiCiZ2YTn2n0K2LINmx2YpDiNhYmZ2KfNPZiKmYiY2NkgXY1KqE2Zfiudh52loKIjDNfikWhzNZJu2CY4L5lkLsNiMiMmNDoSUxxjQYIj2YILET29LEm7s9IYpDfzDYqiqYPIXS2SmvDtit2Yi9rSuKpZgYrY2EsqjdiYp9Azm9iSDYfY2YINmYTZ2Y2niLnNit2ZgJ2KTF2g2nhnuZm6itwdTYoYIYZiQ4FTImgiiTb1ICIDwSLtUyPZMje0IxOsICZDIpmzONJNfyiKi62Z0Y2LsgLFkn2Kog2Yi9h9mTfZrKgK2ZAt2YL0uYqzp9gYrE2vDY2Sidi9iSi9D9rYjKpYsYTY2Ypq2YmZ2nINfJiSgL2YmZnN2thzinu62YIgiKoSAYitTFFd2nmtwibiYZIDTzQyLTZmMjMDw0ICIyZ3OCIpiZJsUyeZI6inHz2Linipi92viNgtT90Y0Yp9TY/YIK252gbnINogiYmLq9iSkdrKsYfY2n2K2K2o2EhtnZmKfKL92YELiLPNighZm929TYmIs52Y2N2YDEiSpqmYiYLdpZpi5LnWOYUiIEwiNhm4b9ImrykjgTaWIsEyjHMiI0O9NDLsJzNisZMYQyTosY21ins9iY2LIgiSmdgYr9fg2KLKkNbg2KqK2ZmS0tf9nYmLsn2YEY2Y2EiIiLhN2YT5mKp9DYPNrSIZmEiq2YbZhLL9niiYmiOW2iUEp9pdNY54NTIm2sNiwsIyM1k0MhIYEiJ9giOyQNsSjjsYaH2DbYLzI92oiWgLgTTZodinsYfZ2KgS2giz2Yp0pYiZD92YrqrKm9LSAtiYiSuYqYr92YgE2v2Y2YidDziJi9I9fZjKoYsKTNnZpnhLinIY2NmgTFTS2YimitFt2Dmiw6ZiuZInQz2YMtA3Mdb6YCODwyIxLpUyIjJse00TILmnPKINZCixiNrZhKfZtt2nigiCDYgD2Y2YmKrZ2x2g2YLNEC2LiKbNi9iqrZrtIYIn0K2Ki9ipitpNiNTZ/Yin2YPZ2LI5uxit2gqYhYmN2KiYfZmdmYiD2KDNfihKkEXZfu2iY52NoKIjNiJiUWhl1Z2DxjO4L5lkLCIs27MmNDoSUYmDfdQxciMKHH2Sr3ITrNIZ2YixD9qjiLsvDYrYiYPE2yuSmKp9f92YmEisud2YpYPtIN0tDY/Y2KXCin2tIYipiYiZpZiKrY2KinfNi925IDiY2NmZTxhN2ZXKmLPdmYkgiihKqN2YfYuEYK2u2KIjDNiZQs1lfZ25hiQWUDoCM5JiLKI4xDODNxNjDZIjLko3cTMLlYmmfdIir7iof9iihYHS2S2YpnTN2LiHiqrd2YINixqLPt2ZiZmY2LXYpgi92YEYTYDE2S2CmIs9it2nisiZuNitrYIZ2KI50YiKINipTtiYpxiN2ZPKin/9ud2LmD2YkN2ZfYmEq5hYfZ2jDKogmihNfDXWhYYi2Z2KLjUiMliCIN1DIxMKOiQ5JuqkIslD24MTNHiSNmx7oYLjqifYfY2KI0k6mKp9mtXNPYiKDYmx2NsEiDhZ2Y2ZrLfS2z2ggNiTINg9rZiKDKf02ZAtqSLKiYo9pY2YsSrviYp9izm9iSpdfYr9uYgq2Z2Y2Y2njYiZ2NDYTYTNogmJhn2EitiFudiLIZnYTYZw2nmK2tFtbmIiI6YSwCLDQzATIDI30sM0ZCMpwiOKJ9jyijU6ey3ZIKqx2nknIKt0fHiNh9mYXt2Yqg2YsY2ZgETnmY29izjNzSpKDYi52SIYL9hd2YiZfK2Y2Kig092YmNqtnYkgrK2KPSinmK2I2gmEh9sZ2YfLp9INEqDLmY29TZn9iLpYmYri25OEiYmYpWihMY5ihdLZIyNyIE2sUib1T4MTk0JDNmOssigiwjMYEEXisYIHi9Q9LSpgDYaW2YqZTYhC2Ymjr92Kijirhd2YqYDK2Y2ZXEr93YmKo9rTpYsgLvhtkZ2tiCqSrYAYrS2YDEiY2d23iqu9pYiSDYfYsK2NgYT9mY2YpzINn9iLIgmZjK2d2Jhn2Z2nbZiiitZYotTYgSFTmFwt26wnI1uiIYLxTyUzMTi0QmOD2nZCJCItOjIpiZIyi6en0s/YIK2pivizg9o5i9iLT9HZTYiYpN2YjnIYsn2ZiYiND9HCiSgNioTY2tqZiZDY2LIzm9LS2tmSqtAYpYrY2Y2YrvjY2YidDYiSu9iNfZTKgE2q2N2Ypnhzi92tTZmgiKInsJ2niFFZmLnduDTiwYIT2YoYOTZmM6i0ItLiwyISUCIzctJseCI4I6b1OK2pZDixiyQjhZfNsd0LInPYLKgYmqmN2Z2LiKmD2BIgIn/Zp9IYmpPN2CTtiLiN2YiYrZqKit2n0tiKp5Pxit29iYTNqYin2NfZ2KiLuD2KINmiDYhZ2ZhE2d25mYiimNkgXTkK1NfZfY2KYCJuNjIjhloDMsNTOxYWNDfiQ5LkL4IiIY2miNo7IjxiktfZkKiK2mlK29LqmgiShSfLfKnK2g2ZmKqNiZhY0trY2Krgsn2YEY2dPEi9mLmIf9T5nSpLDYmq29IZpEiY2Y2YhiL9OiiYmNUW2CME5hpmbZNwQiI0MsN1IWMyIHI0sDEsOirNgSJjqKwYji2Kan2DLEm5p92YiYD9iNXZmZDYqSrYXY2dhE2ZiYhYpgDYId2KLirKP9mEmCrY2NmimEo9OYkgfLIN2p2F2Y2YLgtght2Z7KiKiK0gQSm9iNmZTK2Lf5kK2gEYhLPd2YsErYs92Ypq29ISiEDZmI2dm9nYiLpY2Zi52YOEUYmNp9ThNyQihTLmIiJzICMsI6bW5x2pZ1OCMyEsIsUdej0LwnICm9PdmKkNIx25DgsYsYqYTZ2Y2YizXYuSutiYTtiCgEit2n202nINiYmdTxiZiLIY0YPZiLfpiKiNkD2YIN2ihNHEqK2Y2Zud2golmZDNhZfYmYfi2KJui5hKLiMCIN1jXWIjMTg0EiLDYjMZs1OiN9IsJH2dQiHWuLaxDYsJLYI02iiEhLmZPLnSiD2YkNTKLNmg2Bmt29mYmFs92LpLIYDpOiIDiZm9HNqtpYTC0d2Yi02niYIYixut2YPLiKfNudinmNPi2YkD2YiNqZfZhE252KmLmiINhgXZDYfZYW2uoKkj2NijEihzLDEK1lN1O1MpwCJCNtUyiji6Is0s2YeDppInZCJZ/5myINivTZT9oYi5DYIK2pItiSidiYH9uY2YTZ2LiN20iZ2LINix2NmgiNhFPZ2nidf9kLkYsDLg2KmK0N2ShKmILY2gsgTY2KiYi5PLEZ2KmEp92Y2Yf5s9IY2qDZiShdmYmY5Lp9rYiELSOE2imNp9ThbZOyMTniIsU6EmIzU1QWMCMnwCJpIyZsipiYejIsT00N2LiLiNPtIyiDmxiNuZhnHx2Y2Zfgtd2KgSLKDtIZ2xiNqSiYtYntrYjLDY292YmEAYhY29izINsSiZoNmJTY2ZptmLnnin2ZggTKTS2Y2Fit2dbnwiu6ZYIYISIiIDitUmFjlKIxwTNiNwx7MSIzhkoDLY2L2gkm2dI4mKmNiZmisIf9DKpCT5PYEY2YIE29HL2LfnEgiNs2iYq6TYtg2YmK2YsqhYidL9kLPNfK2KfYi52N2Z2YmIsS290gp9sYPS2KDLEEiqpEmYT52YOiiYINr92ZiEmhhdbZpYn9ImIsLiwW2LmCUzMDMYU05T24I2OSImNTU78SxjhifZLk2YPgli2KIKoKnNmLDjink9tLISrKmY2YrZ2Ygdp9iNiNinDYnY2ZqEsSTdmYixjz2YbYmNg92oIYiILSsg0gTL2LkYiKPN2ghKmEs92Y2Yfd2KIYpqDL2SE5mZmY2Zp9rYs9LY2E25mNidThbZi9hYniiL5iOmIzUEpWICO6QxOpITZsJpMyejMsES092Yw1iCItIsmKiviyIZUnTYp9/YpiDNiDmKHZ2Z2gi529kYmYTK2LEgiY2N2I25hdsLHY2Yf9sKPCi6DLqYEYmEpq22iYLniNINTKt9fYPK2Y2g25mIsSsY0gfd2KkLiKDN2NEgTEhY2ZmY2Ys9IYmSiLPEiqhYm929pZnZpLLYrE252ibWODmYi9pdIhIi5swmNTU7ISxjOSUzUkMKf2LiOTImIHlim3IdozcSHLmIHY2p24Iti0udiNrZiLTYiZ2niN2NiZ2LIDixkNmY2LmFfNhKqgPY2Y2YrxDNLSi9itmSAYtNnYrSIYsETL2Y2ZmnjNpYizDLu92Zgg2JhN2ni6iK2tnYoSwYiiTZFt2nZFNDbmIdIimzNtMST4EYIDUSIjl4wxLTIKmYx7oiIYpkfZfK2ihGwm2Y2LiqQ9idhwini929sgXY2Y2ZtonN3K2Kigsxk9INinf52N2ZhKjd2YXYhLTZDK2KmgIEEYiL2YfIE9mYm9iYPNsStgPY2Y2Yunm62Y29isiNpSTYfY2KsK2qEYhNsgiZ0LLdf9kKpK252giq2ZPI29mLmYiYTYrSs5DYmN2dIEiEh92YUiLYnZOL2EICI9mibWphpTUm5DO4wsUS2SN2MiOzLzrkoIIj2KI3lTiLitx7mdIYIHHZfNIi2pcmi0udmYiNiLTYiNPYiK2NHn2YILix2NmD2ZhSrZrnfFrZ2YmtrLDYkgDCmthKgvkZ2NL52grK2K0diIiSsNfZTgsLpg2YPY2LhKEY2Y2Em9s9mK2Yi5INiSDZmEp9T9nZiLpYLmriUYOE2qmybWhhNY5iMdUyIsOzI12sMsw6HxITQCZCJdiyiYepEjINiLip0ZInINPDitmLuxTZ2K2KhYfZ2n20Ig2tLY2KiNgqiYudmNsdiLTtHY0niC2pIKi0mDixIZ2ZfYiNuZiYfN2dPNkLmY2YqgXZhYhE2KmN2Kh5Jlii2NDZfTOK1i2WEuoiYCMiLDIjYTIiL0N9MsajLYg1fZsYMxJiDtiHioQypWiCDY2Y2K2xrSixp9qYrttLqYnY2YiEsZmN2YiLDz2SiZgNipTtIYgnjthK2ZkgH92Y0NidiSsZLnTg2Kfg2KXL25mLmI2ZhEm9sYmY2SD9PYEY2qmYi9TZnYpLp5OZriINpEihUYbWidL95ihTMYIs2SIE2s0sN1OxMpQmZCJtEyizU6Iy2YILHC2dwnipuNIYIjixeKiZ2ZT0PN2niYfgXN2LmDiYIt2ZhqmNqKutTC092LQYiNPdi0ipiYIZmYixiN2ZinHLud2YID2Y2NhgqZhE2ZfKfYoKmKkNiiDYMlfW2K1iX5muJDICENLZhjJ9MTO0NiYT2jMYg1biLKMxmis9LshKQiaSpZDErW2KIH2Yi92NmSrYqLqY2YjYLSAthz2Ep9t9nYiZDNgSTNmYsxmKidinTL2g2ZTZIY2J2nmY2nItn6ituYiDIYFSLTZFotNibsOiOiwmMjIiQxsTI1kzJ9LSmzQNgW/ZhKaH2Y2KMi2NhgiF2YiZfKbFQY2gingggg2YjYfZ2ZcEAY2Km9m9mNpSrYDo2SsLLgiGp9qZmYfYhNrKoYhK2t2Z2Ehr2n2YiNpdrYiYjY2ZrYEK1K39mg2liC2NoZintd2TIWNKfs2KLig1JjIDLwhlMTMWOiQiY0MuiiEZajLHIis9mK2LJ93iiysIDYtY2KqnjY2Y2tpEP9mtpSpYDYmSrEXY2omYo9L9AGiZqNhKfYrY2Z2ghErNiY2KirEd2ZhnjY2dpYhgrY2KmKfi392KilintNIZEi1l2K2uMDgWEjoCMjJiL1IwNTYTO0Q9hyaWLitHMZsK2nJC2iLsmNi9TYqYDZfdrYrShYLtiK2Eqr2YmCpShYDYrYrt2ZmGhN2d2YAnp92ZpZfgrK2KiorK392YiriYhN2ZhnjN2YogtEYZ2KmKilEioKLjilfdIYhT1TE02uMiJsjiLCAwsiMWOiJtgyijNDMYTY2Ya129IYLHi3iZ2WrNQduSmYtnqY/Y2Kjg2FQKmEDYXC29p9mKPK2YhKfZs92Yig0YjY0qIqqNiNipi5IZ2tiCbi2YIni92t2EmEiYqZpKjtitvYmYTKftfKiFmN2ZiZD1qdoYbYDK2SIi2sXKO92niEcWUhMYp4rYgmNjLiE2IDm1awLTICOi5jsYJWMiQsMiMYtn2YDZLHr9uYiSqtDKjy/Y2KTYmF2di3pYmYqN2KiEP92YQY2CX9mY0gLKjNiZhgqYfK2KkN2q2KmqhtIZqgfS29TYTnXN2KmKiq2N2YmKi9pZIYqYf92KiYILXN2I2nhhpti6itIdpYmYwYTiU5FtimZmNDbxwTIiISNIMCfSAjoDInQil4IgL72zEYx9iimYrkzliN2KIYtKbYhN2ZiYTN2YiNiKiN2pIzfYhCqZ2umdrdPpIZiS2tDn0tDYIE2KmE2Li92YpnmtiibZqYjtqZfKiKvF2Y2KmEitiYiEDZrY2SpnThoYOK2ifNUdOCi159mmbYLCIsAiMsXWIjMzw1ICITZwQpJpIYOsUyey0Y06rn2Yinit2titIHqtpCjn2pTYIYitmYiNiEDZbZ2KiEvi2YmKp9ft2KmFmZqtiZq1DYoY2YTnfS2KiKiNId2YmEkhrzpY5iX4OiMsLiw9UCMzIWoDbmL5MkImoTIiI0N7hN2ixiUSfjlZrK/nmK2LinEdiNu9DYXY2CIEOt2Y2YinTomvh9iY0NpYfZjY2IIg2EmZ2KINppitivIGiY/KuYTNp92YinTNXdiYinmN29rYi3o62YInEY2L2mwoFNiYItI6TiN3ItUSZDiko4ATbDIxwi2SIyO7riIjNijgISLYlExm7d2KmCmKfYpYhThd2KYZrY2Y2Kmqi92N29s9XYfZqYTgiCmEij2g2YoYpS2Y23DYhCr93YAKDKrZDZrYhY2tknLKiI2ZmtiNr9fY2YDLqSnYiEpKtv2YmKp9TF2tmEL9hyfZIEDYPiOWmxUNmii95YzmqYMpks2KNiOwIsMjbCQhwTpimEUyIjOse10K2YI6jvI9ZCiTJNhyhYpZfn2gjg2NiKonQZ0Z/KsgfY2Y292siEpNLSc9mKjYrY2gmKfKkY2K25iKbNiY2jiZ/dhKhnhZ2Z2g2Lfu2KINiloNhj1DjYJKsiYgE02CLsLiiTU5NTfsIWMDgZaWsjQKMio1I5OHgiLiJ9pZqKhYfgfY2i2njYi9idixogDY2K2Ym62Kso2Yi9qtXirNiYONTYEE2L2n2gmEpNrYitp9IY0YICjY2ZmIINhNiZiKINftTYiYiv29/YXKpv2pin2YuG23m9IdiYT6rLoo2Y2YinAniNitINTSwSwDZ6EY2tIDIiFkbmNTI7IixmOiU0LjiKfyoiN4Ixln2nmFutoSiZidqtTY2YTK2trSitiNLoIYAxTYiZhZqIDY2K2nfviC2Nm9D9mSrYrZnY2ypYtErY2Y2YDEf9iKiFDNbtmZh9zYPLpiOxOK2Ki9mhMYpwqYIi2sLikyIjmEQWUCIyw15TMmOsJps9IjM6Un0YiCIEiC29ZymzpZeYisDKPY0NDC2SmZhZQgfKLK2gjY2KpnkYiNi9jS/9iYrE2Z/g2Kfg2KmK25mNon2ZhjiNhY2ZsKfdbZcY2LJT2Cog1ZhWiYMlf02KLijsEKLDijINIDhiOigs2jNuY5PZMiL1aEITIHm9Q9mWJYqiiNrCDYhYsK2E2L2n2SpEiNpYrYiZD92ZXnfIiCLSAtmY29iZhZTS2KnYDYrY2LmND9P9mEivrYqYpymFhttZfYnK2KOE2EqN29mxphpYOYLiDKkiUiiWI9mYb1QCITws5szmUyMjJSIwMjInZn2pIZOCMyhEiZm6ed0siKTY2p2YizhNsgPokd2LPYTEfdrKi9DYINpitYDY2KmEqtLY2K2CmIA9m9h9fY7KpY2SrLmIiN2ZiZmvr9qYpYTSnYtyiYDY292nfEmKO92YDFrYhYpZpKPt2imiDxUN2EmEqhbmQYLTziIKMjOWMjMCi95CIyZwOCIsksJsUyeYI6w1IH2YinipppmYjNqtTC0Y0nrYiEmpI92tptiZ2K2Zfv/NIYmKiN2dIYhvIGi32YuITtp9XYiYTN2YiniYFNi9mnIYoirYInE62L2oZmNNisItL6T1wSIDI52tOTIWOxQibzMigQiajW3kisT
❌ Decryption failed! Server sent: 4ft2i0=oVhY2ZXYT92ZixpKfN2Yinq...

🎉 Scraping Complete! Your database is ready.
